// Jest Snapshot v1, https://goo.gl/fbAQLP

exports[`Avatar component should render correcly with given image, name and username 1`] = `
<span
  className="container"
  onClick={[Function]}
>
  <Link
    to="/profile/Ovardov"
  >
    <img
      alt="Aleksandar Ovardov"
      className="avatar-image"
      src="https://res.cloudinary.com/dxxq5xtsy/image/upload/v1576368427/cxfz26hn4gxeg36cv56q.jpg"
    />
  </Link>
</span>
`;
